
> erpauto@1.8.0 test:run
> vitest run cleaner


[1m[46m RUN [49m[22m [36mv4.0.18 [39m[90mD:/FileLib/Projects/CodeMigration/ERPAuto[39m

[90mstdout[2m | tests/unit/cleaner-handler.test.ts
[22m[39mTest suite starting...

[90mstdout[2m | tests/unit/cleaner-helpers.test.ts
[22m[39mTest suite starting...

[90mstdout[2m | tests/unit/cleaner-helpers.test.ts
[22m[39mTest suite completed.

 [32m鉁?[39m tests/unit/cleaner-helpers.test.ts [2m([22m[2m3 tests[22m[2m)[22m[32m 6[2mms[22m[39m
[90mstdout[2m | tests/unit/cleaner-handler.test.ts
[22m[39mTest suite completed.

 [32m鉁?[39m tests/unit/cleaner-handler.test.ts [2m([22m[2m2 tests[22m[2m)[22m[32m 120[2mms[22m[39m
[90mstdout[2m | tests/unit/cleaner.test.ts
[22m[39mTest suite starting...

[90mstdout[2m | tests/unit/cleaner.test.ts
[22m[39mTest suite completed.

 [32m鉁?[39m tests/unit/cleaner.test.ts [2m([22m[2m8 tests[22m[2m)[22m[32m 64[2mms[22m[39m
[90mstdout[2m | tests/integration/cleaner.test.ts
[22m[39mTest suite starting...

stderr | tests/integration/cleaner.test.ts > Cleaner Service (Integration) > Dry-run mode > should initialize with dry-run mode
Skipping test: ERP credentials not configured

stderr | tests/integration/cleaner.test.ts > Cleaner Service (Integration) > Dry-run mode > should track materials to delete without actually deleting (dry-run)
Skipping test: ERP credentials not configured

stderr | tests/integration/cleaner.test.ts > Cleaner Service (Integration) > Order processing > should process single order and return details
Skipping test: ERP credentials not configured

stderr | tests/integration/cleaner.test.ts > Cleaner Service (Integration) > Order processing > should handle order with "瀹℃壒閫氳繃" status
Skipping test: ERP credentials not configured

stderr | tests/integration/cleaner.test.ts > Cleaner Service (Integration) > Order processing > should handle multiple orders with progress callback
Skipping test: ERP credentials not configured

stderr | tests/integration/cleaner.test.ts > Cleaner Service (Integration) > Error handling > should continue processing after order error
Skipping test: ERP credentials not configured

stderr | tests/integration/cleaner.test.ts > Cleaner Service (Integration) > Navigation > should navigate to discrete production order maintenance page
Skipping test: ERP credentials not configured

[90mstdout[2m | tests/integration/cleaner.test.ts
[22m[39mTest suite completed.

 [32m鉁?[39m tests/integration/cleaner.test.ts [2m([22m[2m7 tests[22m[2m)[22m[32m 10[2mms[22m[39m
[90mstdout[2m | tests/manual/cleaner-slow-motion.test.ts
[22m[39mTest suite starting...

stderr | tests/manual/cleaner-slow-motion.test.ts > Cleaner Slow Motion Test > should run cleaner in slow motion mode
Please set ERP_URL, ERP_USERNAME, ERP_PASSWORD in .env file

[90mstdout[2m | tests/manual/cleaner-slow-motion.test.ts
[22m[39mTest suite completed.

 [32m鉁?[39m tests/manual/cleaner-slow-motion.test.ts [2m([22m[2m1 test[22m[2m)[22m[32m 5[2mms[22m[39m

[2m Test Files [22m [1m[32m5 passed[39m[22m[90m (5)[39m
[2m      Tests [22m [1m[32m21 passed[39m[22m[90m (21)[39m
[2m   Start at [22m 10:36:50
[2m   Duration [22m 1.50s[2m (transform 729ms, setup 228ms, import 2.41s, tests 204ms, environment 1ms)[22m

